// Jest Snapshot v1, https://goo.gl/fbAQLP

exports[`Panel component should render move button 1`] = `
<button
  className="btn"
  id="btn-move"
  onClick={[Function]}
  type="button"
>
  MOVE
</button>
`;

exports[`Panel component should render panel component 1`] = `
<Panel
  commands={
    Object {
      "left": [Function],
      "move": [Function],
      "place": [Function],
      "report": [Function],
      "right": [Function],
    }
  }
>
  <div
    className="panel"
  >
    <Button
      func={[Function]}
      name="move"
    >
      <button
        className="btn"
        id="btn-move"
        onClick={[Function]}
        type="button"
      >
        MOVE
      </button>
    </Button>
    <div>
      <Button
        func={[Function]}
        name="left"
      >
        <button
          className="btn"
          id="btn-left"
          onClick={[Function]}
          type="button"
        >
          LEFT
        </button>
      </Button>
      <Button
        func={[Function]}
        name="right"
      >
        <button
          className="btn"
          id="btn-right"
          onClick={[Function]}
          type="button"
        >
          RIGHT
        </button>
      </Button>
    </div>
    <Button
      func={[Function]}
      name="report"
    >
      <button
        className="btn"
        id="btn-report"
        onClick={[Function]}
        type="button"
      >
        REPORT
      </button>
    </Button>
    <Button
      func={[Function]}
      name="place"
    >
      <button
        className="btn"
        id="btn-place"
        onClick={[Function]}
        type="button"
      >
        PLACE
      </button>
    </Button>
  </div>
</Panel>
`;
